[2024-06-29 02:19:15] [ERROR] Item: Error on fetching item MissingSchemaError: Schema hasn't been registered for model "item".
Use mongoose.model(name, schema)
[2024-06-29 13:11:56] [ERROR] Item: Error on creating item ValidationError: createdBy: Path `createdBy` is required.
[2024-06-29 13:12:52] [ERROR] Item: Error on creating item TypeError: Cannot read properties of undefined (reading 'length')
[2024-06-29 13:13:41] [ERROR] Item: Error on creating item TypeError: Cannot read properties of undefined (reading 'length')
[2024-06-29 20:17:53] [ERROR] Store: Error on creating store ValidationError: createdBy: Path `createdBy` is required.
[2024-06-30 01:14:00] [ERROR] Supplier: Error on pre-deleting supplier MongooseError: Model.findByIdAndUpdate() no longer accepts a callback
[2024-06-30 01:32:20] [ERROR] GoodReceipt: Error on creating good receipt ValidationError: createdBy: Path `createdBy` is required., createdAt: Path `createdAt` is required., supplierID: Path `supplierID` is required., name: Path `name` is required., items.0.discount: Path `discount` is required.
[2024-06-30 01:33:18] [ERROR] GoodReceipt: Error on creating good receipt ValidationError: name: Path `name` is required., items.0.discount: Path `discount` is required.
[2024-06-30 01:36:45] [ERROR] GoodReceipt: Error on creating good receipt ValidationError: name: Path `name` is required.
[2024-06-30 01:52:45] [ERROR] Master worker: Job 1503 has failed with Schema hasn't been registered for model "stocks".
Use mongoose.model(name, schema)
[2024-06-30 13:16:34] [ERROR] Redis: Error: connect ECONNREFUSED ::1:6379
[2024-06-30 13:16:34] [ERROR] Redis: Error: connect ECONNREFUSED ::1:6379
[2024-06-30 13:16:34] [ERROR] Redis: Error: connect ECONNREFUSED ::1:6379
[2024-06-30 13:16:34] [ERROR] Redis: Error: connect ECONNREFUSED ::1:6379
[2024-06-30 13:16:34] [ERROR] Redis: Error: connect ECONNREFUSED ::1:6379
[2024-06-30 13:16:35] [ERROR] Redis: Error: connect ECONNREFUSED ::1:6379
[2024-06-30 13:16:35] [ERROR] Redis: Error: connect ECONNREFUSED ::1:6379
[2024-06-30 13:16:35] [ERROR] Redis: Error: connect ECONNREFUSED ::1:6379
[2024-06-30 13:16:36] [ERROR] Redis: Error: connect ECONNREFUSED ::1:6379
[2024-06-30 13:16:36] [ERROR] Redis: Error: connect ECONNREFUSED ::1:6379
[2024-06-30 13:16:36] [ERROR] Redis: Error: connect ECONNREFUSED ::1:6379
[2024-06-30 13:16:37] [ERROR] Redis: Error: connect ECONNREFUSED ::1:6379
[2024-06-30 13:16:37] [ERROR] Redis: Error: connect ECONNREFUSED ::1:6379
[2024-06-30 13:16:38] [ERROR] Redis: Error: connect ECONNREFUSED ::1:6379
[2024-06-30 13:16:38] [ERROR] Redis: Error: connect ECONNREFUSED ::1:6379
[2024-06-30 13:16:39] [ERROR] Redis: Error: connect ECONNREFUSED ::1:6379
[2024-06-30 13:16:39] [ERROR] Redis: Error: connect ECONNREFUSED ::1:6379
[2024-06-30 14:33:01] [ERROR] Adjustment: Error on creating adjustment event: ValidationError: name: Path `name` is required.
[2024-06-30 23:01:49] [ERROR] Packing list: Error on creating packing list ValidationError: createdBy: Path `createdBy` is required., customerID: Path `customerID` is required.
[2024-06-30 23:03:00] [ERROR] Packing list: Error on creating packing list ValidationError: customerID: Path `customerID` is required.
[2024-06-30 23:04:05] [ERROR] Packing list: Error on creating packing list ValidationError: customerID: Path `customerID` is required.
[2024-06-30 23:04:54] [ERROR] Invoice: Error on creating invoice ValidationError: dueDate: Path `dueDate` is required.
[2024-06-30 23:06:07] [ERROR] Packing list: Error on creating packing list ValidationError: customerID: Path `customerID` is required.
[2024-07-01 00:44:52] [ERROR] Packing list: Error on fetching packing list CastError: Cast to ObjectId failed for value "List" (type string) at path "_id" for model "packing-list"
[2024-07-01 00:44:57] [ERROR] Packing list: Error on fetching packing list CastError: Cast to ObjectId failed for value "List" (type string) at path "_id" for model "packing-list"
[2024-07-01 00:45:31] [ERROR] Packing list: Error on fetching packing list CastError: Cast to ObjectId failed for value "undefined" (type string) at path "_id" for model "packing-list"
[2024-07-01 00:45:42] [ERROR] Packing list: Error on fetching packing list CastError: Cast to ObjectId failed for value "undefined" (type string) at path "_id" for model "packing-list"
[2024-07-01 00:45:52] [ERROR] Packing list: Error on fetching packing list CastError: Cast to ObjectId failed for value "undefined" (type string) at path "_id" for model "packing-list"
[2024-07-01 01:56:45] [ERROR] GoodReceipt: Error on fetching good receipt StrictPopulateError: Cannot populate path `customerID` because it is not in your schema. Set the `strictPopulate` option to false to override.
[2024-07-01 11:37:04] [ERROR] Redis: Error: connect ECONNREFUSED ::1:6379
[2024-07-01 11:37:04] [ERROR] Redis: Error: connect ECONNREFUSED ::1:6379
[2024-07-01 11:37:04] [ERROR] Redis: Error: connect ECONNREFUSED ::1:6379
[2024-07-01 11:37:05] [ERROR] Redis: Error: connect ECONNREFUSED ::1:6379
[2024-07-01 11:37:05] [ERROR] Redis: Error: connect ECONNREFUSED ::1:6379
[2024-07-01 11:37:05] [ERROR] Redis: Error: connect ECONNREFUSED ::1:6379
[2024-07-01 11:37:05] [ERROR] Redis: Error: connect ECONNREFUSED ::1:6379
[2024-07-01 11:37:06] [ERROR] Redis: Error: connect ECONNREFUSED ::1:6379
[2024-07-04 10:17:38] [ERROR] Status: Error on fetching status dashboard MongoServerError: PlanExecutor error during aggregation :: caused by :: can't $subtract array from array
[2024-07-04 10:17:49] [ERROR] Status: Error on fetching status dashboard MongoServerError: PlanExecutor error during aggregation :: caused by :: can't $subtract array from array
[2024-07-06 14:19:07] [ERROR] Delivery slip: Error on fetching stock MissingSchemaError: Schema hasn't been registered for model "delivery-slip".
Use mongoose.model(name, schema)
[2024-07-06 14:39:20] [ERROR] Delivery slip: Error on fetching delivery slip CastError: Cast to ObjectId failed for value "List" (type string) at path "_id" for model "delivery-slip"
[2024-07-06 14:39:52] [ERROR] Delivery slip: Error on fetching delivery slip CastError: Cast to ObjectId failed for value "List" (type string) at path "_id" for model "delivery-slip"
[2024-07-06 14:40:05] [ERROR] Delivery slip: Error on fetching delivery slip CastError: Cast to ObjectId failed for value "List" (type string) at path "_id" for model "delivery-slip"
[2024-07-06 14:40:08] [ERROR] Delivery slip: Error on fetching delivery slip CastError: Cast to ObjectId failed for value "List" (type string) at path "_id" for model "delivery-slip"
[2024-07-06 15:00:33] [ERROR] Delivery slip: Error on fetching delivery slip CastError: Cast to ObjectId failed for value "6688f79dfde315ac597abee" (type string) at path "_id" for model "delivery-slip"
[2024-07-06 15:01:02] [ERROR] Delivery slip: Error on fetching delivery slip CastError: Cast to ObjectId failed for value "6688f79dfde315ac597abe" (type string) at path "_id" for model "delivery-slip"
[2024-07-06 15:01:05] [ERROR] Delivery slip: Error on fetching delivery slip CastError: Cast to ObjectId failed for value "6688f79dfde315ac597abe" (type string) at path "_id" for model "delivery-slip"
[2024-07-06 15:01:16] [ERROR] Delivery slip: Error on fetching delivery slip CastError: Cast to ObjectId failed for value "6688f79dfde315ac597abe" (type string) at path "_id" for model "delivery-slip"
[2024-07-06 15:02:48] [ERROR] Delivery slip: Error on fetching delivery slip CastError: Cast to ObjectId failed for value "6688f79dfde315ac597abe" (type string) at path "_id" for model "delivery-slip"
[2024-07-06 15:02:54] [ERROR] Delivery slip: Error on fetching delivery slip CastError: Cast to ObjectId failed for value "6688f79dfde315ac597abee" (type string) at path "_id" for model "delivery-slip"
[2024-07-06 15:03:14] [ERROR] Delivery slip: Error on fetching delivery slip CastError: Cast to ObjectId failed for value "6688f04001f1973551c54f" (type string) at path "_id" for model "delivery-slip"
[2024-07-08 21:40:39] [ERROR] Stock request: Error on creating stock request: E11000 duplicate key error collection: Cstyle.stock-requests index: name_1 dup key: { name: "SR-CS-2024-07-0001" }
[2024-07-08 23:19:14] [ERROR] Stock request: Error on creating stock request: stock-requests validation failed: items.0.itemID: Path `itemID` is required.
[2024-07-09 13:04:25] [ERROR] Cashier: Error on creating bill MongoBulkWriteError: E11000 duplicate key error collection: Cstyle.bills index: name_1 dup key: { name: "B-CS-2024-0778014325" }
[2024-07-09 13:04:41] [ERROR] Cashier: Error on creating bill MongoBulkWriteError: E11000 duplicate key error collection: Cstyle.bills index: name_1 dup key: { name: "B-CS-2024-0778014325" }
[2024-07-09 13:04:56] [ERROR] Cashier: Error on creating bill MongoBulkWriteError: E11000 duplicate key error collection: Cstyle.bills index: name_1 dup key: { name: "B-CS-2024-0778014325" }
[2024-07-09 13:05:11] [ERROR] Cashier: Error on creating bill MongoBulkWriteError: E11000 duplicate key error collection: Cstyle.bills index: name_1 dup key: { name: "B-CS-2024-0778014325" }
[2024-07-09 13:05:26] [ERROR] Cashier: Error on creating bill MongoBulkWriteError: E11000 duplicate key error collection: Cstyle.bills index: name_1 dup key: { name: "B-CS-2024-0778014325" }
[2024-07-09 13:05:41] [ERROR] Cashier: Error on creating bill MongoBulkWriteError: E11000 duplicate key error collection: Cstyle.bills index: name_1 dup key: { name: "B-CS-2024-0778014325" }
[2024-07-09 13:05:56] [ERROR] Cashier: Error on creating bill MongoBulkWriteError: E11000 duplicate key error collection: Cstyle.bills index: name_1 dup key: { name: "B-CS-2024-0778014325" }
[2024-07-09 13:06:11] [ERROR] Cashier: Error on creating bill MongoBulkWriteError: E11000 duplicate key error collection: Cstyle.bills index: name_1 dup key: { name: "B-CS-2024-0778014325" }
[2024-07-09 13:06:26] [ERROR] Cashier: Error on creating bill MongoBulkWriteError: E11000 duplicate key error collection: Cstyle.bills index: name_1 dup key: { name: "B-CS-2024-0778014325" }
[2024-07-09 13:06:41] [ERROR] Cashier: Error on creating bill MongoBulkWriteError: E11000 duplicate key error collection: Cstyle.bills index: name_1 dup key: { name: "B-CS-2024-0778014325" }
[2024-07-09 13:07:11] [ERROR] Cashier: Error on creating bill MongoBulkWriteError: E11000 duplicate key error collection: Cstyle.bills index: name_1 dup key: { name: "B-CS-2024-0778014325" }
[2024-07-09 13:07:26] [ERROR] Cashier: Error on creating bill MongoBulkWriteError: E11000 duplicate key error collection: Cstyle.bills index: name_1 dup key: { name: "B-CS-2024-0778014325" }
[2024-07-09 13:07:41] [ERROR] Cashier: Error on creating bill MongoBulkWriteError: E11000 duplicate key error collection: Cstyle.bills index: name_1 dup key: { name: "B-CS-2024-0778014325" }
[2024-07-09 13:07:56] [ERROR] Cashier: Error on creating bill MongoBulkWriteError: E11000 duplicate key error collection: Cstyle.bills index: name_1 dup key: { name: "B-CS-2024-0778014325" }
[2024-07-09 13:08:11] [ERROR] Cashier: Error on creating bill MongoBulkWriteError: E11000 duplicate key error collection: Cstyle.bills index: name_1 dup key: { name: "B-CS-2024-0778014325" }
[2024-07-09 13:08:26] [ERROR] Cashier: Error on creating bill MongoBulkWriteError: E11000 duplicate key error collection: Cstyle.bills index: name_1 dup key: { name: "B-CS-2024-0778014325" }
[2024-07-09 13:08:41] [ERROR] Cashier: Error on creating bill MongoBulkWriteError: E11000 duplicate key error collection: Cstyle.bills index: name_1 dup key: { name: "B-CS-2024-0778014325" }
[2024-07-09 13:08:56] [ERROR] Cashier: Error on creating bill MongoBulkWriteError: E11000 duplicate key error collection: Cstyle.bills index: name_1 dup key: { name: "B-CS-2024-0778014325" }
[2024-07-09 13:09:11] [ERROR] Cashier: Error on creating bill MongoBulkWriteError: E11000 duplicate key error collection: Cstyle.bills index: name_1 dup key: { name: "B-CS-2024-0778014325" }
[2024-07-09 13:09:26] [ERROR] Cashier: Error on creating bill MongoBulkWriteError: E11000 duplicate key error collection: Cstyle.bills index: name_1 dup key: { name: "B-CS-2024-0778014325" }
[2024-07-09 13:09:41] [ERROR] Cashier: Error on creating bill MongoBulkWriteError: E11000 duplicate key error collection: Cstyle.bills index: name_1 dup key: { name: "B-CS-2024-0778014325" }
[2024-07-09 13:14:16] [ERROR] Cashier: Error on creating bill MongoBulkWriteError: E11000 duplicate key error collection: Cstyle.bills index: name_1 dup key: { name: "B-CS-2024-0740516761" }
[2024-07-09 13:14:46] [ERROR] Cashier: Error on creating bill MongoBulkWriteError: E11000 duplicate key error collection: Cstyle.bills index: name_1 dup key: { name: "B-CS-2024-0740516761" }
[2024-07-09 13:15:01] [ERROR] Cashier: Error on creating bill MongoBulkWriteError: E11000 duplicate key error collection: Cstyle.bills index: name_1 dup key: { name: "B-CS-2024-0740516761" }
[2024-07-09 13:15:16] [ERROR] Cashier: Error on creating bill MongoBulkWriteError: E11000 duplicate key error collection: Cstyle.bills index: name_1 dup key: { name: "B-CS-2024-0740516761" }
[2024-07-09 13:15:31] [ERROR] Cashier: Error on creating bill MongoBulkWriteError: E11000 duplicate key error collection: Cstyle.bills index: name_1 dup key: { name: "B-CS-2024-0740516761" }
[2024-07-09 13:15:46] [ERROR] Cashier: Error on creating bill MongoBulkWriteError: E11000 duplicate key error collection: Cstyle.bills index: name_1 dup key: { name: "B-CS-2024-0740516761" }
[2024-07-09 13:16:01] [ERROR] Cashier: Error on creating bill MongoBulkWriteError: E11000 duplicate key error collection: Cstyle.bills index: name_1 dup key: { name: "B-CS-2024-0740516761" }
[2024-07-09 13:16:16] [ERROR] Cashier: Error on creating bill MongoBulkWriteError: E11000 duplicate key error collection: Cstyle.bills index: name_1 dup key: { name: "B-CS-2024-0740516761" }
[2024-07-09 13:16:31] [ERROR] Cashier: Error on creating bill MongoBulkWriteError: E11000 duplicate key error collection: Cstyle.bills index: name_1 dup key: { name: "B-CS-2024-0740516761" }
[2024-07-09 13:16:46] [ERROR] Cashier: Error on creating bill MongoBulkWriteError: E11000 duplicate key error collection: Cstyle.bills index: name_1 dup key: { name: "B-CS-2024-0740516761" }
[2024-07-09 13:17:01] [ERROR] Cashier: Error on creating bill MongoBulkWriteError: E11000 duplicate key error collection: Cstyle.bills index: name_1 dup key: { name: "B-CS-2024-0740516761" }
[2024-07-09 13:17:16] [ERROR] Cashier: Error on creating bill MongoBulkWriteError: E11000 duplicate key error collection: Cstyle.bills index: name_1 dup key: { name: "B-CS-2024-0740516761" }
[2024-07-09 13:17:31] [ERROR] Cashier: Error on creating bill MongoBulkWriteError: E11000 duplicate key error collection: Cstyle.bills index: name_1 dup key: { name: "B-CS-2024-0740516761" }
[2024-07-09 13:17:46] [ERROR] Cashier: Error on creating bill MongoBulkWriteError: E11000 duplicate key error collection: Cstyle.bills index: name_1 dup key: { name: "B-CS-2024-0740516761" }
[2024-07-09 13:18:01] [ERROR] Cashier: Error on creating bill MongoBulkWriteError: E11000 duplicate key error collection: Cstyle.bills index: name_1 dup key: { name: "B-CS-2024-0740516761" }
[2024-07-09 13:18:16] [ERROR] Cashier: Error on creating bill MongoBulkWriteError: E11000 duplicate key error collection: Cstyle.bills index: name_1 dup key: { name: "B-CS-2024-0740516761" }
[2024-07-09 13:18:31] [ERROR] Cashier: Error on creating bill MongoBulkWriteError: E11000 duplicate key error collection: Cstyle.bills index: name_1 dup key: { name: "B-CS-2024-0740516761" }
[2024-07-09 13:18:46] [ERROR] Cashier: Error on creating bill MongoBulkWriteError: E11000 duplicate key error collection: Cstyle.bills index: name_1 dup key: { name: "B-CS-2024-0740516761" }
[2024-07-09 13:19:01] [ERROR] Cashier: Error on creating bill MongoBulkWriteError: E11000 duplicate key error collection: Cstyle.bills index: name_1 dup key: { name: "B-CS-2024-0740516761" }
[2024-07-09 13:19:16] [ERROR] Cashier: Error on creating bill MongoBulkWriteError: E11000 duplicate key error collection: Cstyle.bills index: name_1 dup key: { name: "B-CS-2024-0740516761" }
[2024-07-09 13:19:31] [ERROR] Cashier: Error on creating bill MongoBulkWriteError: E11000 duplicate key error collection: Cstyle.bills index: name_1 dup key: { name: "B-CS-2024-0740516761" }
[2024-07-09 13:19:46] [ERROR] Cashier: Error on creating bill MongoBulkWriteError: E11000 duplicate key error collection: Cstyle.bills index: name_1 dup key: { name: "B-CS-2024-0740516761" }
[2024-07-09 13:20:01] [ERROR] Cashier: Error on creating bill MongoBulkWriteError: E11000 duplicate key error collection: Cstyle.bills index: name_1 dup key: { name: "B-CS-2024-0740516761" }
[2024-07-09 13:20:16] [ERROR] Cashier: Error on creating bill MongoBulkWriteError: E11000 duplicate key error collection: Cstyle.bills index: name_1 dup key: { name: "B-CS-2024-0740516761" }
[2024-07-09 13:20:33] [ERROR] Cashier: Error on creating bill MongoBulkWriteError: E11000 duplicate key error collection: Cstyle.bills index: name_1 dup key: { name: "B-CS-2024-0740516761" }
[2024-07-09 13:20:48] [ERROR] Cashier: Error on creating bill MongoBulkWriteError: E11000 duplicate key error collection: Cstyle.bills index: name_1 dup key: { name: "B-CS-2024-0740516761" }
[2024-07-09 13:21:03] [ERROR] Cashier: Error on creating bill MongoBulkWriteError: E11000 duplicate key error collection: Cstyle.bills index: name_1 dup key: { name: "B-CS-2024-0740516761" }
[2024-07-09 13:21:18] [ERROR] Cashier: Error on creating bill MongoBulkWriteError: E11000 duplicate key error collection: Cstyle.bills index: name_1 dup key: { name: "B-CS-2024-0740516761" }
[2024-07-09 13:21:33] [ERROR] Cashier: Error on creating bill MongoBulkWriteError: E11000 duplicate key error collection: Cstyle.bills index: name_1 dup key: { name: "B-CS-2024-0740516761" }
[2024-07-09 13:21:48] [ERROR] Cashier: Error on creating bill MongoBulkWriteError: E11000 duplicate key error collection: Cstyle.bills index: name_1 dup key: { name: "B-CS-2024-0740516761" }
[2024-07-09 13:22:03] [ERROR] Cashier: Error on creating bill MongoBulkWriteError: E11000 duplicate key error collection: Cstyle.bills index: name_1 dup key: { name: "B-CS-2024-0740516761" }
[2024-07-09 13:22:18] [ERROR] Cashier: Error on creating bill MongoBulkWriteError: E11000 duplicate key error collection: Cstyle.bills index: name_1 dup key: { name: "B-CS-2024-0740516761" }
[2024-07-09 13:22:33] [ERROR] Cashier: Error on creating bill MongoBulkWriteError: E11000 duplicate key error collection: Cstyle.bills index: name_1 dup key: { name: "B-CS-2024-0740516761" }
[2024-07-09 13:22:48] [ERROR] Cashier: Error on creating bill MongoBulkWriteError: E11000 duplicate key error collection: Cstyle.bills index: name_1 dup key: { name: "B-CS-2024-0740516761" }
[2024-07-09 13:23:03] [ERROR] Cashier: Error on creating bill MongoBulkWriteError: E11000 duplicate key error collection: Cstyle.bills index: name_1 dup key: { name: "B-CS-2024-0740516761" }
[2024-07-09 13:23:33] [ERROR] Cashier: Error on creating bill MongoBulkWriteError: E11000 duplicate key error collection: Cstyle.bills index: name_1 dup key: { name: "B-CS-2024-0740516761" }
[2024-07-09 13:23:48] [ERROR] Cashier: Error on creating bill MongoBulkWriteError: E11000 duplicate key error collection: Cstyle.bills index: name_1 dup key: { name: "B-CS-2024-0740516761" }
[2024-07-09 13:24:03] [ERROR] Cashier: Error on creating bill MongoBulkWriteError: E11000 duplicate key error collection: Cstyle.bills index: name_1 dup key: { name: "B-CS-2024-0740516761" }
[2024-07-09 13:24:18] [ERROR] Cashier: Error on creating bill MongoBulkWriteError: E11000 duplicate key error collection: Cstyle.bills index: name_1 dup key: { name: "B-CS-2024-0740516761" }
[2024-07-09 13:24:48] [ERROR] Cashier: Error on creating bill MongoBulkWriteError: E11000 duplicate key error collection: Cstyle.bills index: name_1 dup key: { name: "B-CS-2024-0740516761" }
[2024-07-09 14:16:30] [ERROR] Master worker: Error on completing job: Error: Missing lock for job 159. moveToFinished
[2024-07-09 14:18:23] [ERROR] Master worker: Error on completing job: Error: Missing lock for job 159. moveToFinished
[2024-07-09 14:19:46] [ERROR] Master worker: Job 159 has failed with job stalled more than allowable limit
[2024-07-09 14:23:43] [ERROR] Master worker: Job 164 has failed with Cannot read properties of undefined (reading 'forEach')
[2024-07-09 14:26:44] [ERROR] Master worker: Error on completing job: Error: Missing lock for job 167. moveToFinished
[2024-07-09 14:38:01] [ERROR] Master worker: Job 175 has failed with job stalled more than allowable limit
[2024-07-09 14:45:56] [ERROR] Master worker: Job 173 has failed with job stalled more than allowable limit
[2024-07-09 14:45:56] [ERROR] Master worker: Error on completing job: Error: Missing lock for job 178. moveToFinished
[2024-07-10 09:08:53] [ERROR] Membership: Error on creating membership: memberships validation failed: language: Path `language` is required.
[2024-07-11 08:36:19] [ERROR] ItemStockController: Error on fetching item stock: Cast to ObjectId failed for value "null" (type string) at path "storeID" for model "stocks"
[2024-07-11 08:36:26] [ERROR] ItemStockController: Error on fetching item stock: Cast to ObjectId failed for value "null" (type string) at path "storeID" for model "stocks"
[2024-07-11 08:38:09] [ERROR] ItemStockController: Error on fetching item stock: Cast to ObjectId failed for value "null" (type string) at path "storeID" for model "stocks"
[2024-07-11 09:27:10] [ERROR] Stock request: Error on creating stock request: stock-requests validation failed: createdBy: Cast to ObjectId failed for value "5678234" (type string) at path "createdBy" because of "BSONError", items.0.itemID: Path `itemID` is required.
[2024-07-11 09:28:00] [ERROR] Stock request: Error on creating stock request: stock-requests validation failed: createdBy: Cast to ObjectId failed for value "5678234" (type string) at path "createdBy" because of "BSONError", items.0.itemID: Path `itemID` is required.
[2024-07-11 09:28:12] [ERROR] Stock request: Error on creating stock request: stock-requests validation failed: createdBy: Cast to ObjectId failed for value "5678234" (type string) at path "createdBy" because of "BSONError", items.0.itemID: Path `itemID` is required.
[2024-07-11 09:28:34] [ERROR] Stock request: Error on creating stock request: stock-requests validation failed: items.0.itemID: Path `itemID` is required.
[2024-07-11 14:50:35] [ERROR] Invoice: Error on creating invoice ValidationError: date: Cast to date failed for value "Invalid Date" (type Date) at path "date"
[2024-07-11 14:54:34] [ERROR] Invoice: Error on creating invoice ValidationError: date: Path `date` is required.
[2024-07-11 14:55:11] [ERROR] Invoice: Error on creating invoice ValidationError: date: Path `date` is required.
[2024-07-11 15:54:42] [ERROR] GoodReceipt: Error on creating good receipt ValidationError: items.0.itemID: Path `itemID` is required.
[2024-07-11 15:55:38] [ERROR] GoodReceipt: Error on creating good receipt ValidationError: supplierID: Cast to ObjectId failed for value "0" (type number) at path "supplierID" because of "BSONError"
[2024-07-12 01:09:39] [ERROR] Redis: Error: connect ECONNREFUSED ::1:6379
[2024-07-12 01:09:39] [ERROR] Redis: Error: connect ECONNREFUSED ::1:6379
[2024-07-12 01:09:39] [ERROR] Redis: Error: connect ECONNREFUSED ::1:6379
[2024-07-12 01:09:39] [ERROR] Redis: Error: connect ECONNREFUSED ::1:6379
[2024-07-12 01:09:39] [ERROR] Redis: Error: connect ECONNREFUSED ::1:6379
[2024-07-12 01:09:39] [ERROR] Redis: Error: connect ECONNREFUSED ::1:6379
[2024-07-12 01:09:39] [ERROR] Redis: Error: connect ECONNREFUSED ::1:6379
[2024-07-12 01:09:40] [ERROR] Redis: Error: connect ECONNREFUSED ::1:6379
[2024-07-12 01:09:40] [ERROR] Redis: Error: connect ECONNREFUSED ::1:6379
[2024-07-12 01:09:41] [ERROR] Redis: Error: connect ECONNREFUSED ::1:6379
[2024-07-12 01:09:41] [ERROR] Redis: Error: connect ECONNREFUSED ::1:6379
[2024-07-12 01:09:42] [ERROR] Redis: Error: connect ECONNREFUSED ::1:6379
[2024-07-12 01:09:42] [ERROR] Redis: Error: connect ECONNREFUSED ::1:6379
[2024-07-12 01:09:43] [ERROR] Redis: Error: connect ECONNREFUSED ::1:6379
[2024-07-12 01:09:43] [ERROR] Redis: Error: connect ECONNREFUSED ::1:6379
[2024-07-12 01:09:44] [ERROR] Redis: Error: connect ECONNREFUSED ::1:6379
[2024-07-12 01:09:44] [ERROR] Redis: Error: connect ECONNREFUSED ::1:6379
[2024-07-12 01:09:45] [ERROR] Redis: Error: connect ECONNREFUSED ::1:6379
[2024-07-12 01:09:45] [ERROR] Redis: Error: connect ECONNREFUSED ::1:6379
[2024-07-12 01:09:46] [ERROR] Redis: Error: connect ECONNREFUSED ::1:6379
[2024-07-12 01:09:46] [ERROR] Redis: Error: connect ECONNREFUSED ::1:6379
[2024-07-12 01:09:47] [ERROR] Redis: Error: connect ECONNREFUSED ::1:6379
[2024-07-12 01:09:47] [ERROR] Redis: Error: connect ECONNREFUSED ::1:6379
[2024-07-12 01:09:48] [ERROR] Redis: Error: connect ECONNREFUSED ::1:6379
[2024-07-12 01:09:48] [ERROR] Redis: Error: connect ECONNREFUSED ::1:6379
[2024-07-12 01:33:32] [ERROR] Master worker: Job 1550 has failed with Schema hasn't been registered for model "overflow".
Use mongoose.model(name, schema)
[2024-07-12 01:34:55] [ERROR] Master worker: Job 1551 has failed with Schema hasn't been registered for model "overflow".
Use mongoose.model(name, schema)
[2024-07-12 03:43:43] [ERROR] Redis: Error: connect ECONNREFUSED ::1:6379
[2024-07-12 03:43:43] [ERROR] Redis: Error: connect ECONNREFUSED ::1:6379
[2024-07-12 03:43:43] [ERROR] Redis: Error: connect ECONNREFUSED ::1:6379
[2024-07-12 03:43:43] [ERROR] Redis: Error: connect ECONNREFUSED ::1:6379
[2024-07-12 03:43:43] [ERROR] Redis: Error: connect ECONNREFUSED ::1:6379
[2024-07-12 03:43:43] [ERROR] Redis: Error: connect ECONNREFUSED ::1:6379
[2024-07-12 03:43:44] [ERROR] Redis: Error: connect ECONNREFUSED ::1:6379
[2024-07-12 03:43:44] [ERROR] Redis: Error: connect ECONNREFUSED ::1:6379
[2024-07-12 03:43:44] [ERROR] Redis: Error: connect ECONNREFUSED ::1:6379
[2024-07-12 03:43:45] [ERROR] Redis: Error: connect ECONNREFUSED ::1:6379
[2024-07-12 03:43:45] [ERROR] Redis: Error: connect ECONNREFUSED ::1:6379
[2024-07-12 03:43:46] [ERROR] Redis: Error: connect ECONNREFUSED ::1:6379
[2024-07-12 03:43:46] [ERROR] Redis: Error: connect ECONNREFUSED ::1:6379
[2024-07-12 03:43:47] [ERROR] Redis: Error: connect ECONNREFUSED ::1:6379
[2024-07-12 03:43:47] [ERROR] Redis: Error: connect ECONNREFUSED ::1:6379
[2024-07-12 03:43:48] [ERROR] Redis: Error: connect ECONNREFUSED ::1:6379
[2024-07-12 03:43:48] [ERROR] Redis: Error: connect ECONNREFUSED ::1:6379
[2024-07-12 03:43:49] [ERROR] Redis: Error: connect ECONNREFUSED ::1:6379
[2024-07-12 03:43:49] [ERROR] Redis: Error: connect ECONNREFUSED ::1:6379
[2024-07-12 03:43:50] [ERROR] Redis: Error: connect ECONNREFUSED ::1:6379
[2024-07-12 03:43:50] [ERROR] Redis: Error: connect ECONNREFUSED ::1:6379
[2024-07-12 03:43:51] [ERROR] Redis: Error: connect ECONNREFUSED ::1:6379
[2024-07-12 03:43:51] [ERROR] Redis: Error: connect ECONNREFUSED ::1:6379
[2024-07-12 03:43:52] [ERROR] Redis: Error: connect ECONNREFUSED ::1:6379
[2024-07-12 03:43:52] [ERROR] Redis: Error: connect ECONNREFUSED ::1:6379
[2024-07-12 03:43:53] [ERROR] Redis: Error: connect ECONNREFUSED ::1:6379
[2024-07-12 03:43:53] [ERROR] Redis: Error: connect ECONNREFUSED ::1:6379
[2024-07-12 03:43:54] [ERROR] Redis: Error: connect ECONNREFUSED ::1:6379
[2024-07-12 03:43:54] [ERROR] Redis: Error: connect ECONNREFUSED ::1:6379
[2024-07-12 03:43:55] [ERROR] Redis: Error: connect ECONNREFUSED ::1:6379
[2024-07-12 03:43:56] [ERROR] Redis: Error: connect ECONNREFUSED ::1:6379
[2024-07-12 03:43:56] [ERROR] Redis: Error: connect ECONNREFUSED ::1:6379
[2024-07-12 03:43:57] [ERROR] Redis: Error: connect ECONNREFUSED ::1:6379
[2024-07-12 03:43:57] [ERROR] Redis: Error: connect ECONNREFUSED ::1:6379
[2024-07-12 03:43:58] [ERROR] Redis: Error: connect ECONNREFUSED ::1:6379
[2024-07-12 03:43:58] [ERROR] Redis: Error: connect ECONNREFUSED ::1:6379
[2024-07-12 03:43:59] [ERROR] Redis: Error: connect ECONNREFUSED ::1:6379
[2024-07-12 03:43:59] [ERROR] Redis: Error: connect ECONNREFUSED ::1:6379
[2024-07-12 03:44:00] [ERROR] Redis: Error: connect ECONNREFUSED ::1:6379
[2024-07-12 03:44:00] [ERROR] Redis: Error: connect ECONNREFUSED ::1:6379
[2024-07-12 03:44:01] [ERROR] Redis: Error: connect ECONNREFUSED ::1:6379
[2024-07-12 03:44:01] [ERROR] Redis: Error: connect ECONNREFUSED ::1:6379
[2024-07-12 03:44:02] [ERROR] Redis: Error: connect ECONNREFUSED ::1:6379
[2024-07-12 03:44:02] [ERROR] Redis: Error: connect ECONNREFUSED ::1:6379
[2024-07-12 03:44:03] [ERROR] Redis: Error: connect ECONNREFUSED ::1:6379
[2024-07-12 03:44:03] [ERROR] Redis: Error: connect ECONNREFUSED ::1:6379
[2024-07-12 03:44:04] [ERROR] Redis: Error: connect ECONNREFUSED ::1:6379
[2024-07-12 03:44:04] [ERROR] Redis: Error: connect ECONNREFUSED ::1:6379
[2024-07-12 03:44:05] [ERROR] Redis: Error: connect ECONNREFUSED ::1:6379
[2024-07-12 03:44:05] [ERROR] Redis: Error: connect ECONNREFUSED ::1:6379
[2024-07-12 03:44:06] [ERROR] Redis: Error: connect ECONNREFUSED ::1:6379
[2024-07-12 03:44:06] [ERROR] Redis: Error: connect ECONNREFUSED ::1:6379
[2024-07-13 12:34:30] [ERROR] Redis: Error: connect ECONNREFUSED ::1:6379
[2024-07-13 12:34:30] [ERROR] Redis: Error: connect ECONNREFUSED ::1:6379
[2024-07-13 12:34:30] [ERROR] Redis: Error: connect ECONNREFUSED ::1:6379
[2024-07-13 12:34:30] [ERROR] Redis: Error: connect ECONNREFUSED ::1:6379
[2024-07-13 12:34:31] [ERROR] Redis: Error: connect ECONNREFUSED ::1:6379
[2024-07-13 12:34:31] [ERROR] Redis: Error: connect ECONNREFUSED ::1:6379
[2024-07-13 12:34:31] [ERROR] Redis: Error: connect ECONNREFUSED ::1:6379
[2024-07-13 12:34:31] [ERROR] Redis: Error: connect ECONNREFUSED ::1:6379
[2024-07-13 12:34:32] [ERROR] Redis: Error: connect ECONNREFUSED ::1:6379
[2024-07-13 12:34:32] [ERROR] Redis: Error: connect ECONNREFUSED ::1:6379
[2024-07-13 12:34:33] [ERROR] Redis: Error: connect ECONNREFUSED ::1:6379
[2024-07-13 12:34:33] [ERROR] Redis: Error: connect ECONNREFUSED ::1:6379
[2024-07-13 12:34:34] [ERROR] Redis: Error: connect ECONNREFUSED ::1:6379
[2024-07-13 12:34:34] [ERROR] Redis: Error: connect ECONNREFUSED ::1:6379
[2024-07-13 12:34:35] [ERROR] Redis: Error: connect ECONNREFUSED ::1:6379
[2024-07-13 12:34:35] [ERROR] Redis: Error: connect ECONNREFUSED ::1:6379
[2024-07-13 12:34:36] [ERROR] Redis: Error: connect ECONNREFUSED ::1:6379
[2024-07-13 12:34:36] [ERROR] Redis: Error: connect ECONNREFUSED ::1:6379
[2024-07-13 12:34:37] [ERROR] Redis: Error: connect ECONNREFUSED ::1:6379
[2024-07-13 12:34:37] [ERROR] Redis: Error: connect ECONNREFUSED ::1:6379
[2024-07-13 12:34:38] [ERROR] Redis: Error: connect ECONNREFUSED ::1:6379
[2024-07-13 12:34:38] [ERROR] Redis: Error: connect ECONNREFUSED ::1:6379
[2024-07-13 12:34:39] [ERROR] Redis: Error: connect ECONNREFUSED ::1:6379
[2024-07-13 12:34:39] [ERROR] Redis: Error: connect ECONNREFUSED ::1:6379
[2024-07-13 12:34:40] [ERROR] Redis: Error: connect ECONNREFUSED ::1:6379
[2024-07-13 12:34:40] [ERROR] Redis: Error: connect ECONNREFUSED ::1:6379
[2024-07-13 12:34:41] [ERROR] Redis: Error: connect ECONNREFUSED ::1:6379
[2024-07-13 12:34:41] [ERROR] Redis: Error: connect ECONNREFUSED ::1:6379
[2024-07-13 12:34:42] [ERROR] Redis: Error: connect ECONNREFUSED ::1:6379
[2024-07-13 15:58:23] [ERROR] Master worker: Job 1577 has failed with Cannot read properties of null (reading '_id')
[2024-07-13 15:59:08] [ERROR] Adjustment: Error on fetching adjustment event: TypeError: Cannot read properties of null (reading '_id')
[2024-07-13 15:59:26] [ERROR] Adjustment: Error on fetching adjustment event: TypeError: Cannot read properties of null (reading '_id')
[2024-07-13 15:59:58] [ERROR] Adjustment: Error on fetching adjustment event: TypeError: Cannot read properties of null (reading '_id')
[2024-07-13 16:00:32] [ERROR] Adjustment: Error on fetching adjustment event: TypeError: Cannot read properties of null (reading '_id')
[2024-07-13 16:00:39] [ERROR] Adjustment: Error on fetching adjustment event: TypeError: Cannot read properties of null (reading '_id')
[2024-07-13 16:01:55] [ERROR] Adjustment: Error on fetching adjustment event: TypeError: Cannot read properties of null (reading '_id')
[2024-07-13 16:03:59] [ERROR] Adjustment: Error on fetching adjustment event: TypeError: Cannot read properties of null (reading '_id')
[2024-07-13 16:05:10] [ERROR] Adjustment: Error on fetching adjustment event: TypeError: Cannot read properties of null (reading '_id')
[2024-07-13 16:05:58] [ERROR] Master worker: Job 1582 [removeStockIn] has failed with Cannot read properties of null (reading '_id')
[2024-07-13 16:08:11] [ERROR] Master worker: Job 1587 [removeStockIn] has failed with Cannot read properties of null (reading '_id')
[2024-07-14 07:43:56] [ERROR] Adjustment: Error on checking stock for adjustment event: CastError: Cast to ObjectId failed for value "" (type string) at path "storeID" for model "stocks"
[2024-07-14 07:44:39] [ERROR] Adjustment: Error on checking stock for adjustment event: CastError: Cast to ObjectId failed for value "" (type string) at path "storeID" for model "stocks"
[2024-07-14 11:41:08] [ERROR] Stock transfer request: Error on fetching stock transfer request CastError: Cast to ObjectId failed for value "unsent" (type string) at path "_id" for model "stock-requests"
[2024-07-14 19:29:06] [ERROR] Membership: Error on fetching membership by id: CastError: Cast to ObjectId failed for value "undefined" (type string) at path "_id" for model "memberships"
[2024-07-15 08:08:42] [ERROR] Redis: Error: connect ECONNREFUSED ::1:6379
[2024-07-15 08:08:42] [ERROR] Redis: Error: connect ECONNREFUSED ::1:6379
[2024-07-15 08:08:42] [ERROR] Redis: Error: connect ECONNREFUSED ::1:6379
[2024-07-15 08:08:42] [ERROR] Redis: Error: connect ECONNREFUSED ::1:6379
[2024-07-15 08:08:42] [ERROR] Redis: Error: connect ECONNREFUSED ::1:6379
[2024-07-15 08:08:43] [ERROR] Redis: Error: connect ECONNREFUSED ::1:6379
[2024-07-15 08:08:43] [ERROR] Redis: Error: connect ECONNREFUSED ::1:6379
[2024-07-15 08:08:43] [ERROR] Redis: Error: connect ECONNREFUSED ::1:6379
[2024-07-15 08:08:43] [ERROR] Redis: Error: connect ECONNREFUSED ::1:6379
[2024-07-15 08:08:44] [ERROR] Redis: Error: connect ECONNREFUSED ::1:6379
[2024-07-15 08:08:44] [ERROR] Redis: Error: connect ECONNREFUSED ::1:6379
[2024-07-15 08:08:45] [ERROR] Redis: Error: connect ECONNREFUSED ::1:6379
[2024-07-15 08:08:45] [ERROR] Redis: Error: connect ECONNREFUSED ::1:6379
[2024-07-15 08:08:46] [ERROR] Redis: Error: connect ECONNREFUSED ::1:6379
[2024-07-15 08:08:46] [ERROR] Redis: Error: connect ECONNREFUSED ::1:6379
[2024-07-15 08:08:47] [ERROR] Redis: Error: connect ECONNREFUSED ::1:6379
[2024-07-15 08:08:47] [ERROR] Redis: Error: connect ECONNREFUSED ::1:6379
[2024-07-15 08:08:48] [ERROR] Redis: Error: connect ECONNREFUSED ::1:6379
[2024-07-15 08:08:48] [ERROR] Redis: Error: connect ECONNREFUSED ::1:6379
[2024-07-15 08:08:49] [ERROR] Redis: Error: connect ECONNREFUSED ::1:6379
[2024-07-15 08:08:49] [ERROR] Redis: Error: connect ECONNREFUSED ::1:6379
[2024-07-15 08:08:50] [ERROR] Redis: Error: connect ECONNREFUSED ::1:6379
[2024-07-15 08:08:50] [ERROR] Redis: Error: connect ECONNREFUSED ::1:6379
[2024-07-15 08:08:51] [ERROR] Redis: Error: connect ECONNREFUSED ::1:6379
[2024-07-15 08:08:51] [ERROR] Redis: Error: connect ECONNREFUSED ::1:6379
[2024-07-15 08:08:52] [ERROR] Redis: Error: connect ECONNREFUSED ::1:6379
[2024-07-15 08:08:53] [ERROR] Redis: Error: connect ECONNREFUSED ::1:6379
[2024-07-15 13:42:09] [ERROR] Redis: Error: connect ECONNREFUSED ::1:6379
[2024-07-15 13:42:09] [ERROR] Redis: Error: connect ECONNREFUSED ::1:6379
[2024-07-15 13:42:10] [ERROR] Redis: Error: connect ECONNREFUSED ::1:6379
[2024-07-15 13:42:10] [ERROR] Redis: Error: connect ECONNREFUSED ::1:6379
[2024-07-15 13:42:10] [ERROR] Redis: Error: connect ECONNREFUSED ::1:6379
[2024-07-15 13:42:10] [ERROR] Redis: Error: connect ECONNREFUSED ::1:6379
[2024-07-15 13:42:10] [ERROR] Redis: Error: connect ECONNREFUSED ::1:6379
[2024-07-15 13:42:11] [ERROR] Redis: Error: connect ECONNREFUSED ::1:6379
[2024-07-15 13:42:11] [ERROR] Redis: Error: connect ECONNREFUSED ::1:6379
[2024-07-15 13:42:11] [ERROR] Redis: Error: connect ECONNREFUSED ::1:6379
[2024-07-15 13:42:12] [ERROR] Redis: Error: connect ECONNREFUSED ::1:6379
[2024-07-15 13:42:12] [ERROR] Redis: Error: connect ECONNREFUSED ::1:6379
[2024-07-15 13:42:13] [ERROR] Redis: Error: connect ECONNREFUSED ::1:6379
[2024-07-15 13:42:13] [ERROR] Redis: Error: connect ECONNREFUSED ::1:6379
[2024-07-15 13:42:14] [ERROR] Redis: Error: connect ECONNREFUSED ::1:6379
[2024-07-15 13:42:14] [ERROR] Redis: Error: connect ECONNREFUSED ::1:6379
[2024-07-15 13:42:15] [ERROR] Redis: Error: connect ECONNREFUSED ::1:6379
[2024-07-15 13:42:15] [ERROR] Redis: Error: connect ECONNREFUSED ::1:6379
[2024-07-15 13:42:16] [ERROR] Redis: Error: connect ECONNREFUSED ::1:6379
[2024-07-15 13:42:17] [ERROR] Redis: Error: connect ECONNREFUSED ::1:6379
[2024-07-15 13:42:17] [ERROR] Redis: Error: connect ECONNREFUSED ::1:6379
[2024-07-15 13:42:18] [ERROR] Redis: Error: connect ECONNREFUSED ::1:6379
[2024-07-15 13:42:18] [ERROR] Redis: Error: connect ECONNREFUSED ::1:6379
[2024-07-15 13:42:19] [ERROR] Redis: Error: connect ECONNREFUSED ::1:6379
[2024-07-15 13:42:19] [ERROR] Redis: Error: connect ECONNREFUSED ::1:6379
[2024-07-15 13:42:20] [ERROR] Redis: Error: connect ECONNREFUSED ::1:6379
[2024-07-15 13:42:20] [ERROR] Redis: Error: connect ECONNREFUSED ::1:6379
[2024-07-15 13:42:21] [ERROR] Redis: Error: connect ECONNREFUSED ::1:6379
[2024-07-15 13:42:21] [ERROR] Redis: Error: connect ECONNREFUSED ::1:6379
[2024-07-15 13:42:22] [ERROR] Redis: Error: connect ECONNREFUSED ::1:6379
[2024-07-15 13:42:22] [ERROR] Redis: Error: connect ECONNREFUSED ::1:6379
[2024-07-15 13:42:23] [ERROR] Redis: Error: connect ECONNREFUSED ::1:6379
[2024-07-15 13:42:23] [ERROR] Redis: Error: connect ECONNREFUSED ::1:6379
[2024-07-15 13:42:24] [ERROR] Redis: Error: connect ECONNREFUSED ::1:6379
[2024-07-15 13:42:24] [ERROR] Redis: Error: connect ECONNREFUSED ::1:6379
[2024-07-15 13:42:25] [ERROR] Redis: Error: connect ECONNREFUSED ::1:6379
[2024-07-15 13:42:25] [ERROR] Redis: Error: connect ECONNREFUSED ::1:6379
[2024-07-15 13:42:26] [ERROR] Redis: Error: connect ECONNREFUSED ::1:6379
[2024-07-15 13:42:26] [ERROR] Redis: Error: connect ECONNREFUSED ::1:6379
[2024-07-15 13:42:27] [ERROR] Redis: Error: connect ECONNREFUSED ::1:6379
[2024-07-15 13:42:27] [ERROR] Redis: Error: connect ECONNREFUSED ::1:6379
[2024-07-15 13:42:28] [ERROR] Redis: Error: connect ECONNREFUSED ::1:6379
[2024-07-15 13:42:28] [ERROR] Redis: Error: connect ECONNREFUSED ::1:6379
[2024-07-15 13:42:29] [ERROR] Redis: Error: connect ECONNREFUSED ::1:6379
[2024-07-15 13:42:29] [ERROR] Redis: Error: connect ECONNREFUSED ::1:6379
[2024-07-15 13:42:30] [ERROR] Redis: Error: connect ECONNREFUSED ::1:6379
[2024-07-15 13:42:30] [ERROR] Redis: Error: connect ECONNREFUSED ::1:6379
[2024-07-15 13:42:31] [ERROR] Redis: Error: connect ECONNREFUSED ::1:6379
[2024-07-15 13:42:31] [ERROR] Redis: Error: connect ECONNREFUSED ::1:6379
[2024-07-15 13:42:32] [ERROR] Redis: Error: connect ECONNREFUSED ::1:6379
[2024-07-15 13:42:32] [ERROR] Redis: Error: connect ECONNREFUSED ::1:6379
[2024-07-15 13:42:33] [ERROR] Redis: Error: connect ECONNREFUSED ::1:6379
[2024-07-15 13:42:33] [ERROR] Redis: Error: connect ECONNREFUSED ::1:6379
[2024-07-15 13:42:34] [ERROR] Redis: Error: connect ECONNREFUSED ::1:6379
[2024-07-15 13:42:34] [ERROR] Redis: Error: connect ECONNREFUSED ::1:6379
[2024-07-15 13:42:35] [ERROR] Redis: Error: connect ECONNREFUSED ::1:6379
[2024-07-15 13:42:35] [ERROR] Redis: Error: connect ECONNREFUSED ::1:6379
[2024-07-15 13:42:36] [ERROR] Redis: Error: connect ECONNREFUSED ::1:6379
[2024-07-15 13:42:37] [ERROR] Redis: Error: connect ECONNREFUSED ::1:6379
[2024-07-15 13:42:37] [ERROR] Redis: Error: connect ECONNREFUSED ::1:6379
[2024-07-15 13:42:38] [ERROR] Redis: Error: connect ECONNREFUSED ::1:6379
[2024-07-15 13:42:38] [ERROR] Redis: Error: connect ECONNREFUSED ::1:6379
[2024-07-15 13:42:39] [ERROR] Redis: Error: connect ECONNREFUSED ::1:6379
[2024-07-15 13:42:39] [ERROR] Redis: Error: connect ECONNREFUSED ::1:6379
[2024-07-15 13:42:40] [ERROR] Redis: Error: connect ECONNREFUSED ::1:6379
[2024-07-15 13:42:40] [ERROR] Redis: Error: connect ECONNREFUSED ::1:6379
[2024-07-15 13:42:41] [ERROR] Redis: Error: connect ECONNREFUSED ::1:6379
[2024-07-15 13:42:41] [ERROR] Redis: Error: connect ECONNREFUSED ::1:6379
[2024-07-15 13:42:42] [ERROR] Redis: Error: connect ECONNREFUSED ::1:6379
[2024-07-15 13:42:42] [ERROR] Redis: Error: connect ECONNREFUSED ::1:6379
[2024-07-15 13:42:43] [ERROR] Redis: Error: connect ECONNREFUSED ::1:6379
[2024-07-15 13:42:43] [ERROR] Redis: Error: connect ECONNREFUSED ::1:6379
[2024-07-15 13:42:44] [ERROR] Redis: Error: connect ECONNREFUSED ::1:6379
[2024-07-15 13:42:44] [ERROR] Redis: Error: connect ECONNREFUSED ::1:6379
[2024-07-15 23:51:42] [ERROR] Item: Error on updating price MongoInvalidArgumentError: Update document requires atomic operators
[2024-07-16 08:41:17] [ERROR] Redis: Error: connect ECONNREFUSED ::1:6379
[2024-07-16 08:41:17] [ERROR] Redis: Error: connect ECONNREFUSED ::1:6379
[2024-07-16 08:41:17] [ERROR] Redis: Error: connect ECONNREFUSED ::1:6379
[2024-07-16 08:41:17] [ERROR] Redis: Error: connect ECONNREFUSED ::1:6379
[2024-07-16 08:41:17] [ERROR] Redis: Error: connect ECONNREFUSED ::1:6379
[2024-07-16 08:41:18] [ERROR] Redis: Error: connect ECONNREFUSED ::1:6379
[2024-07-16 08:41:18] [ERROR] Redis: Error: connect ECONNREFUSED ::1:6379
[2024-07-16 08:41:18] [ERROR] Redis: Error: connect ECONNREFUSED ::1:6379
[2024-07-16 08:41:18] [ERROR] Redis: Error: connect ECONNREFUSED ::1:6379
[2024-07-16 08:41:19] [ERROR] Redis: Error: connect ECONNREFUSED ::1:6379
[2024-07-16 08:41:19] [ERROR] Redis: Error: connect ECONNREFUSED ::1:6379
[2024-07-16 08:41:20] [ERROR] Redis: Error: connect ECONNREFUSED ::1:6379
[2024-07-16 08:41:20] [ERROR] Redis: Error: connect ECONNREFUSED ::1:6379
[2024-07-16 08:41:21] [ERROR] Redis: Error: connect ECONNREFUSED ::1:6379
[2024-07-16 08:41:21] [ERROR] Redis: Error: connect ECONNREFUSED ::1:6379
[2024-07-16 08:41:22] [ERROR] Redis: Error: connect ECONNREFUSED ::1:6379
[2024-07-16 08:41:22] [ERROR] Redis: Error: connect ECONNREFUSED ::1:6379
[2024-07-16 20:57:44] [ERROR] GoodReceipt: Error on creating good receipt ValidationError: items.0.itemID: Path `itemID` is required.
[2024-07-16 20:59:35] [ERROR] GoodReceipt: Error on creating good receipt ValidationError: items.0.itemID: Path `itemID` is required.
[2024-07-16 21:06:09] [ERROR] Master worker: Job 1620 [insertStockIn] has failed with stock-ins validation failed: itemID: Path `itemID` is required.
[2024-07-16 21:25:19] [ERROR] Good receipt: Error on updating good receipt document Error: Maximum execution time is exceeded undefined:
[2024-07-16 21:25:28] [ERROR] Good receipt: Error on updating good receipt document Error: Maximum execution time is exceeded undefined:
[2024-07-16 21:25:49] [ERROR] Good receipt: Error on updating good receipt document Error: Maximum execution time is exceeded undefined:
[2024-07-16 21:27:00] [ERROR] Good receipt: Error on updating good receipt document Error: Maximum execution time is exceeded undefined:
[2024-07-16 21:41:57] [ERROR] Good receipt: Error on updating good receipt document Error: Maximum execution time is exceeded 667e84a8bfcada51acf924e4:
[2024-07-16 21:42:23] [ERROR] Good receipt: Error on updating good receipt document Error: Maximum execution time is exceeded 667e84a8bfcada51acf924e4:
[2024-07-16 21:43:14] [ERROR] Good receipt: Error on updating good receipt document Error: Maximum execution time is exceeded 667e84a8bfcada51acf924e4:
[2024-07-17 10:11:03] [ERROR] Redis: Error: connect ECONNREFUSED ::1:6379
[2024-07-17 10:11:03] [ERROR] Redis: Error: connect ECONNREFUSED ::1:6379
[2024-07-17 10:11:03] [ERROR] Redis: Error: connect ECONNREFUSED ::1:6379
[2024-07-17 10:11:03] [ERROR] Redis: Error: connect ECONNREFUSED ::1:6379
[2024-07-17 10:11:03] [ERROR] Redis: Error: connect ECONNREFUSED ::1:6379
[2024-07-17 10:11:03] [ERROR] Redis: Error: connect ECONNREFUSED ::1:6379
[2024-07-17 10:11:04] [ERROR] Redis: Error: connect ECONNREFUSED ::1:6379
[2024-07-17 10:11:04] [ERROR] Redis: Error: connect ECONNREFUSED ::1:6379
[2024-07-17 10:11:04] [ERROR] Redis: Error: connect ECONNREFUSED ::1:6379
[2024-07-17 10:11:05] [ERROR] Redis: Error: connect ECONNREFUSED ::1:6379
[2024-07-17 10:11:05] [ERROR] Redis: Error: connect ECONNREFUSED ::1:6379
[2024-07-17 10:11:06] [ERROR] Redis: Error: connect ECONNREFUSED ::1:6379
[2024-07-17 10:11:06] [ERROR] Redis: Error: connect ECONNREFUSED ::1:6379
[2024-07-17 10:11:07] [ERROR] Redis: Error: connect ECONNREFUSED ::1:6379
[2024-07-17 10:11:07] [ERROR] Redis: Error: connect ECONNREFUSED ::1:6379
[2024-07-17 10:11:08] [ERROR] Redis: Error: connect ECONNREFUSED ::1:6379
[2024-07-17 10:11:08] [ERROR] Redis: Error: connect ECONNREFUSED ::1:6379
[2024-07-17 10:11:09] [ERROR] Redis: Error: connect ECONNREFUSED ::1:6379
[2024-07-17 10:11:09] [ERROR] Redis: Error: connect ECONNREFUSED ::1:6379
[2024-07-17 10:11:10] [ERROR] Redis: Error: connect ECONNREFUSED ::1:6379
[2024-07-17 10:11:10] [ERROR] Redis: Error: connect ECONNREFUSED ::1:6379
[2024-07-17 11:47:51] [ERROR] Quotation: Error on searching quotation MongoServerError: $and/$or/$nor must be a nonempty array
[2024-07-17 11:47:56] [ERROR] Quotation: Error on searching quotation MongoServerError: $and/$or/$nor must be a nonempty array
[2024-07-17 11:48:00] [ERROR] Quotation: Error on searching quotation MongoServerError: $and/$or/$nor must be a nonempty array
[2024-07-17 11:48:08] [ERROR] Quotation: Error on searching quotation MongoServerError: $and/$or/$nor must be a nonempty array
[2024-07-17 11:48:38] [ERROR] Quotation: Error on searching quotation MongoServerError: $and/$or/$nor must be a nonempty array
[2024-07-17 11:50:26] [ERROR] Quotation: Error on searching quotation MongoServerError: $and/$or/$nor must be a nonempty array
[2024-07-17 16:53:02] [ERROR] Packing list: Error on creating packing list MissingSchemaError: Schema hasn't been registered for model "invoice".
Use mongoose.model(name, schema)
[2024-07-17 16:53:04] [ERROR] Packing list: Error on creating packing list MissingSchemaError: Schema hasn't been registered for model "invoice".
Use mongoose.model(name, schema)
[2024-07-17 16:53:47] [ERROR] Packing list: Error on creating packing list MissingSchemaError: Schema hasn't been registered for model "invoice".
Use mongoose.model(name, schema)
